// Jest Snapshot v1, https://goo.gl/fbAQLP

exports[`Double component Cases renders with render correctly 1`] = `
<div
  className="page"
  id="divDouble"
>
  <h3
    className="title1"
  >
     double it!  
  </h3>
  <h3
    className="title2"
  >
     don't get afraid!
  </h3>
  <div
    className="error"
  />
  <input
    defaultValue={33}
    id="number"
    onChange={[Function]}
    type="text"
  />
  <button
    disabled={false}
    onClick={[Function]}
  >
    Calculate
  </button>
  <div>
    <label>
      66
    </label>
  </div>
</div>
`;

exports[`Double component Cases renders with shallow correctly 1`] = `
<div
  className="page"
  id="divDouble"
>
  <h3
    className="title1"
  >
     double it!  
  </h3>
  <h3
    className="title2"
  >
     don't get afraid!
  </h3>
  <div
    className="error"
  />
  <input
    defaultValue={33}
    id="number"
    onChange={[Function]}
    type="text"
  />
  <button
    disabled={false}
    onClick={[Function]}
  >
    Calculate
  </button>
  <div>
    <label>
      66
    </label>
  </div>
</div>
`;
